// Jest Snapshot v1, https://goo.gl/fbAQLP

exports[`IconButton Rendering should match to snapshot 1`] = `
<Styled(Text)
  icon={
    <Icon
      i="search"
    />
  }
  style={
    Array [
      Object {
        "fontFamily": "Roboto",
        "fontSize": 14,
        "fontStyle": "normal",
        "fontWeight": "400",
      },
      undefined,
    ]
  }
  type="body"
/>
`;
