// Jest Snapshot v1, https://goo.gl/fbAQLP

exports[`SaleabilityFilter Rendering renders without crashing 1`] = `
<Styled(View)>
  <Typography
    primary={true}
    type="title"
  >
    Disponibilidade
  </Typography>
  <WithTheme(CheckBox)
    checked={false}
    label="Gratuito"
    onPress={[Function]}
  />
  <WithTheme(CheckBox)
    checked={false}
    label="À Venda"
    onPress={[Function]}
  />
  <WithTheme(CheckBox)
    checked={false}
    label="Pré-Venda"
    onPress={[Function]}
  />
  <WithTheme(CheckBox)
    checked={false}
    label="Indispoível"
    onPress={[Function]}
  />
</Styled(View)>
`;
